\BOOKMARK [1][-]{section.1}{\376\377\225\356\230\230\221\315\217\360}{}% 1
\BOOKMARK [2][-]{subsection.1.1}{\376\377\225\356\230\230\200\314\146\157}{section.1}% 2
\BOOKMARK [2][-]{subsection.1.2}{\376\377\225\356\230\230\143\320\121\372}{section.1}% 3
\BOOKMARK [1][-]{section.2}{\376\377\225\356\230\230\122\006\147\220}{}% 4
\BOOKMARK [2][-]{subsection.2.1}{\376\377\225\356\230\230\116\000\122\006\147\220}{section.2}% 5
\BOOKMARK [2][-]{subsection.2.2}{\376\377\225\356\230\230\116\214\122\006\147\220}{section.2}% 6
\BOOKMARK [2][-]{subsection.2.3}{\376\377\225\356\230\230\116\011\122\006\147\220}{section.2}% 7
\BOOKMARK [2][-]{subsection.2.4}{\376\377\225\356\230\230\126\333\122\006\147\220}{section.2}% 8
\BOOKMARK [1][-]{section.3}{\376\377\152\041\127\213\120\107\213\276}{}% 9
\BOOKMARK [1][-]{section.4}{\376\377\116\073\211\201\173\046\123\367\213\364\146\016}{}% 10
\BOOKMARK [1][-]{section.5}{\376\377\152\041\127\213\121\306\131\007}{}% 11
\BOOKMARK [2][-]{subsection.5.1}{\376\377\116\000\176\364\217\321\117\074\166\204\121\340\117\125\116\016\134\072\136\246\117\235\143\156}{section.5}% 12
\BOOKMARK [2][-]{subsection.5.2}{\376\377\136\372\152\041\133\371\214\141\116\016\137\204\124\021\142\275\214\141}{section.5}% 13
\BOOKMARK [2][-]{subsection.5.3}{\376\377\217\321\117\074\166\204\117\177\165\050\176\246\133\232\116\016\150\300\232\214\217\271\165\114}{section.5}% 14
\BOOKMARK [1][-]{section.6}{\376\377\152\041\127\213\166\204\136\372\172\313\116\016\154\102\211\343}{}% 15
\BOOKMARK [2][-]{subsection.6.1}{\376\377\225\356\230\230\116\000\377\032}{section.6}% 16
\BOOKMARK [1][-]{section.7}{\376\377\225\356\230\230\0001\166\204\152\041\127\213\136\372\172\313}{}% 17
\BOOKMARK [2][-]{subsection.7.1}{\376\377\136\372\152\041\133\371\214\141\116\016\137\204\124\021\142\275\214\141}{section.7}% 18
\BOOKMARK [2][-]{subsection.7.2}{\376\377\156\051\136\246\143\247\122\066\145\271\172\013}{section.7}% 19
\BOOKMARK [2][-]{subsection.7.3}{\376\377\154\064\122\006\143\247\122\066\145\271\172\013}{section.7}% 20
\BOOKMARK [2][-]{subsection.7.4}{\376\377\122\035\120\074\060\001\217\271\165\114\147\141\116\366\116\016\152\041\127\213\225\355\124\010}{section.7}% 21
\BOOKMARK [1][-]{section.8}{\376\377\225\356\230\230\0001\166\204\152\041\127\213\154\102\211\343}{}% 22
\BOOKMARK [2][-]{subsection.8.1}{\376\377\172\172\225\364\171\273\145\143\116\016\227\136\176\277\140\047\154\064\122\006\220\032\221\317}{section.8}% 23
\BOOKMARK [3][-]{subsubsection.8.1.1}{\376\377\137\204\124\021\202\202\160\271\116\016\143\247\122\066\117\123\122\022\122\006}{subsection.8.1}% 24
\BOOKMARK [3][-]{subsubsection.8.1.2}{\376\377\121\205\220\350\202\202\160\271\166\204\156\051\136\246\171\273\145\143}{subsection.8.1}% 25
\BOOKMARK [3][-]{subsubsection.8.1.3}{\376\377\217\164\137\303\202\202\160\271\166\204\131\004\164\006}{subsection.8.1}% 26
\BOOKMARK [3][-]{subsubsection.8.1.4}{\376\377\167\037\133\236\117\247\227\142\166\204\156\051\136\246\171\273\145\143}{subsection.8.1}% 27
\BOOKMARK [3][-]{subsubsection.8.1.5}{\376\377\154\064\122\006\145\271\172\013\116\016\000K\000i\000r\000c\000h\000h\000o\000f\000f\123\237\121\375\145\160}{subsection.8.1}% 28
\BOOKMARK [2][-]{subsection.8.2}{\376\377\145\366\225\364\143\250\217\333\116\016\123\302\145\160\213\276\177\156}{section.8}% 29
\BOOKMARK [3][-]{subsubsection.8.2.1}{\376\377\000B\000D\000F\145\366\225\364\171\357\122\006}{subsection.8.2}% 30
\BOOKMARK [2][-]{subsection.8.3}{\376\377\230\230\166\356\211\201\154\102\166\204\145\160\120\074\176\323\147\234}{section.8}% 31
\BOOKMARK [2][-]{subsection.8.4}{\376\377\176\323\147\234\166\204\162\151\164\006\211\343\221\312}{section.8}% 32
\BOOKMARK [1][-]{section.9}{\376\377\225\356\230\230\0001\166\204\152\041\127\213\150\300\232\214}{}% 33
\BOOKMARK [2][-]{subsection.9.1}{\376\377\116\000\176\364\145\160\120\074\211\343\166\204\123\357\227\140\140\047\150\300\232\214}{section.9}% 34
\BOOKMARK [3][-]{subsubsection.9.1.1}{\376\377\177\121\150\074\116\016\145\366\225\364\213\276\177\156}{subsection.9.1}% 35
\BOOKMARK [3][-]{subsubsection.9.1.2}{\376\377\140\073\117\123\136\163\210\141\116\016\162\354\172\313\160\355\133\146\127\372\121\306}{subsection.9.1}% 36
\BOOKMARK [1][-]{section.10}{\376\377\225\356\230\230\0002\377\032\116\000\176\364\123\330\162\151\140\047\152\041\127\213\166\204\136\372\172\313}{}% 37
\BOOKMARK [2][-]{subsection.10.1}{\376\377\230\204\160\355\116\016\140\122\156\051\226\066\153\265\166\204\217\271\165\114\122\022\122\006}{section.10}% 38
\BOOKMARK [2][-]{subsection.10.2}{\376\377\134\100\220\350\162\151\140\047\116\016\156\051\136\246\123\125\117\115}{section.10}% 39
\BOOKMARK [2][-]{subsection.10.3}{\376\377\116\000\176\364\137\204\124\021\160\355\154\064\200\046\124\010\145\271\172\013}{section.10}% 40
\BOOKMARK [2][-]{subsection.10.4}{\376\377\122\035\131\313\147\141\116\366\060\001\210\150\227\142\116\244\143\142\116\016\217\223\121\372\133\232\116\111}{section.10}% 41
\BOOKMARK [1][-]{section.11}{\376\377\225\356\230\230\0002\377\032\116\000\176\364\152\041\127\213\154\102\211\343\116\016\176\323\147\234}{}% 42
\BOOKMARK [2][-]{subsection.11.1}{\376\377\147\011\226\120\117\123\171\357\171\273\145\143\116\016\122\006\153\265\226\220\137\017\143\250\217\333}{section.11}% 43
\BOOKMARK [2][-]{subsection.11.2}{\376\377\230\230\166\356\211\304\133\232\145\366\172\172\160\271\166\204\176\323\147\234}{section.11}% 44
\BOOKMARK [2][-]{subsection.11.3}{\376\377\162\151\140\047\123\330\123\026\123\312\200\046\124\010\211\343\221\312}{section.11}% 45
\BOOKMARK [1][-]{section.12}{\376\377\225\356\230\230\0002\377\032\152\041\127\213\150\300\232\214\116\016\220\002\165\050\203\003\126\364}{}% 46
\BOOKMARK [2][-]{subsection.12.1}{\376\377\145\160\120\074\145\066\145\133\060\001\123\125\117\115\116\016\140\073\117\123\136\163\210\141}{section.12}% 47
\BOOKMARK [2][-]{subsection.12.2}{\376\377\116\214\176\364\142\151\134\125\377\032\221\317\123\026\137\375\165\145\217\164\124\021\117\040\220\022\166\204\137\161\124\315}{section.12}% 48
\BOOKMARK [3][-]{subsubsection.12.2.1}{\376\377\116\055\142\052\227\142\133\371\161\147\116\016\172\357\220\350\227\136\127\107\123\000\140\047}{subsection.12.2}% 49
\BOOKMARK [3][-]{subsubsection.12.2.2}{\376\377\154\277\217\164\124\021\166\204\135\356\137\002\123\312\220\002\165\050\203\003\126\364}{subsection.12.2}% 50
\BOOKMARK [2][-]{subsection.12.3}{\376\377\122\006\165\114\145\366\122\073\116\016\136\070\120\074\217\271\165\114\166\204\145\117\141\037\140\047}{section.12}% 51
\BOOKMARK [2][-]{subsection.12.4}{\376\377\152\041\127\213\166\204\136\366\142\323\116\016\134\100\226\120}{section.12}% 52
\BOOKMARK [1][-]{section.13}{\376\377\225\356\230\230\0003\377\032\121\150\127\337\217\276\150\007\152\041\127\213\166\204\136\372\172\313}{}% 53
\BOOKMARK [2][-]{subsection.13.1}{\376\377\116\316\122\006\136\003\230\204\155\113\122\060\136\162\161\345\176\310\153\142}{section.13}% 54
\BOOKMARK [2][-]{subsection.13.2}{\376\377\121\150\127\337\217\276\150\007\122\044\143\156\116\016\147\000\156\177\117\115\177\156}{section.13}% 55
\BOOKMARK [2][-]{subsection.13.3}{\376\377\217\336\176\355\116\064\165\114\145\366\225\364\116\016\145\164\122\006\224\237\176\310\160\271}{section.13}% 56
\BOOKMARK [1][-]{section.14}{\376\377\225\356\230\230\0003\377\032\152\041\127\213\154\102\211\343\116\016\136\162\161\345\145\366\225\364}{}% 57
\BOOKMARK [2][-]{subsection.14.1}{\376\377\145\160\120\074\154\102\211\343\116\016\116\064\165\114\145\366\225\364\133\232\117\115}{section.14}% 58
\BOOKMARK [2][-]{subsection.14.2}{\376\377\116\064\165\114\145\366\225\364\116\016\116\045\150\074\217\276\150\007\176\323\147\234}{section.14}% 59
\BOOKMARK [2][-]{subsection.14.3}{\376\377\230\230\166\356\210\150\150\074\116\016\136\162\161\345\211\304\137\213\122\006\147\220}{section.14}% 60
\BOOKMARK [1][-]{section.15}{\376\377\225\356\230\230\0003\377\032\176\323\147\234\150\300\232\214\116\016\220\002\165\050\203\003\126\364}{}% 61
\BOOKMARK [2][-]{subsection.15.1}{\376\377\145\160\120\074\172\063\133\232\140\047\116\016\133\210\140\122\150\300\232\214}{section.15}% 62
\BOOKMARK [2][-]{subsection.15.2}{\376\377\116\214\176\364\225\177\145\366\136\366\142\323\116\016\124\004\131\004\147\141\116\366}{section.15}% 63
\BOOKMARK [2][-]{subsection.15.3}{\376\377\124\016\147\037\163\257\130\203\136\163\123\360\166\204\145\117\141\037\140\047}{section.15}% 64
\BOOKMARK [1][-]{section.16}{\376\377\225\356\230\230\0004\377\032\145\066\177\051\127\337\160\355\154\064\200\046\124\010\152\041\127\213\166\204\136\372\172\313}{}% 65
\BOOKMARK [2][-]{subsection.16.1}{\376\377\123\112\137\204\211\302\155\113\116\016\171\373\122\250\217\271\165\114\166\204\143\317\217\360}{section.16}% 66
\BOOKMARK [2][-]{subsection.16.2}{\376\377\165\061\136\162\162\151\215\050\133\210\140\122\122\060\154\064\122\006\145\271\172\013}{section.16}% 67
\BOOKMARK [2][-]{subsection.16.3}{\376\377\226\104\137\125\0004\162\151\140\047\116\016\147\000\176\310\143\247\122\066\145\271\172\013}{section.16}% 68
\BOOKMARK [2][-]{subsection.16.4}{\376\377\121\150\127\337\217\276\150\007\166\356\150\007\116\016\230\230\166\356\221\307\150\067\117\115\177\156}{section.16}% 69
\BOOKMARK [1][-]{section.17}{\376\377\225\356\230\230\0004\377\032\152\041\127\213\154\102\211\343\116\016\176\323\147\234\122\006\147\220}{}% 70
\BOOKMARK [2][-]{subsection.17.1}{\376\377\123\302\200\003\127\337\147\011\226\120\117\123\171\357\171\273\145\143\116\016\000B\000D\000F\171\357\122\006}{section.17}% 71
\BOOKMARK [2][-]{subsection.17.2}{\376\377\171\373\122\250\127\337\156\051\156\177\127\072\116\016\116\045\150\074\136\162\161\345\145\366\225\364}{section.17}% 72
\BOOKMARK [2][-]{subsection.17.3}{\376\377\211\304\133\232\210\150\150\074\116\016\145\066\177\051\145\110\136\224\166\204\123\327\143\247\133\371\161\147}{section.17}% 73
\BOOKMARK [1][-]{section.18}{\376\377\225\356\230\230\0004\377\032\152\041\127\213\150\300\232\214\116\016\220\002\165\050\203\003\126\364}{}% 74
\BOOKMARK [2][-]{subsection.18.1}{\376\377\171\273\145\143\116\000\201\364\140\047\060\001\133\210\140\122\116\016\145\366\225\364\213\357\135\356}{section.18}% 75
\BOOKMARK [2][-]{subsection.18.2}{\376\377\116\214\176\364\142\151\134\125\377\032\172\357\227\142\137\161\124\315\116\016\116\000\176\364\176\323\147\234\166\204\124\053\116\111}{section.18}% 76
\BOOKMARK [2][-]{subsection.18.3}{\376\377\123\112\137\204\143\322\120\074\116\016\163\257\130\203\140\305\146\157\145\117\141\037\140\047}{section.18}% 77
\BOOKMARK [2][-]{subsection.18.4}{\376\377\133\306\136\246\225\355\124\010\166\204\166\370\133\271\140\047\116\016\176\323\147\234\217\271\165\114}{section.18}% 78
\BOOKMARK [1][-]{section.19}{\376\377\152\041\127\213\213\304\116\367\116\016\176\323\213\272}{}% 79
\BOOKMARK [1][-]{section.19}{\376\377\123\302\200\003\145\207\163\056}{}% 80
